../Core/Src/main_app.c:27:5:main	8	static
../Core/Src/main_app.c:54:6:SystemClock_Config_HSE	96	static
../Core/Src/main_app.c:148:6:GPIO_Init	40	static
../Core/Src/main_app.c:171:6:TIMER6_Init	8	static
../Core/Src/main_app.c:184:6:RTC_Init	8	static
../Core/Src/main_app.c:202:7:RTC_ConfigureTimeDate	32	static
../Core/Src/main_app.c:236:6:UART2_Init	8	static
../Core/Src/main_app.c:257:7:HAL_TIM_PeriodElapsedCallback	16	static
../Core/Src/main_app.c:267:8:HAL_GPIO_EXTI_Callback	104	static
../Core/Src/main_app.c:292:6:Error_handler	4	static
