../Core/Src/main_app.c:46:7:printmsg	96	static
../Core/Src/main_app.c:63:5:main	8	static
../Core/Src/main_app.c:94:6:SystemClock_Config_HSE	96	static
../Core/Src/main_app.c:188:6:GPIO_Init	40	static
../Core/Src/main_app.c:211:6:TIMER6_Init	8	static
../Core/Src/main_app.c:224:6:RTC_Init	8	static
../Core/Src/main_app.c:242:7:RTC_ConfigureTimeDate	32	static
../Core/Src/main_app.c:276:6:UART2_Init	8	static
../Core/Src/main_app.c:297:7:HAL_TIM_PeriodElapsedCallback	16	static
../Core/Src/main_app.c:307:8:HAL_GPIO_EXTI_Callback	104	static
../Core/Src/main_app.c:328:9:PrintUserMenu	16	static
../Core/Src/main_app.c:405:9:is_valid_time_set	4	static
../Core/Src/main_app.c:410:9:Calendar_Demo	64	static
../Core/Src/main_app.c:488:9:Alarm_Demo	16	static
../Core/Src/main_app.c:493:9:LowPowerDemo	16	static
../Core/Src/main_app.c:499:10:TimeStamp_Demo	16	static
../Core/Src/main_app.c:505:9:CalendarDemoMenuPrint	16	static
../Core/Src/main_app.c:527:9:LowPowerDemoMenuPrint	16	static
../Core/Src/main_app.c:539:9:Alarm_DemoPrint	16	static
../Core/Src/main_app.c:553:6:RTC_configureUserGivenTime	48	static
../Core/Src/main_app.c:582:6:RTC_configureUserGivenDate	24	static
../Core/Src/main_app.c:602:6:RTC_DisplayCurrentTime	88	static
../Core/Src/main_app.c:618:6:RTC_DisplayCurrentDate	72	static
../Core/Src/main_app.c:636:10:getYear	24	static
../Core/Src/main_app.c:657:6:Error_handler	4	static
