../Core/Src/main_app.c:31:5:main	64	static
../Core/Src/main_app.c:71:6:SystemClock_Config_HSE	96	static
../Core/Src/main_app.c:160:6:GPIO_Init	40	static
../Core/Src/main_app.c:190:6:TIMER6_Init	8	static
../Core/Src/main_app.c:201:6:UART2_Init	8	static
../Core/Src/main_app.c:219:6:CAN1_Tx	40	static
../Core/Src/main_app.c:249:6:CAN_Filter_Config	48	static
../Core/Src/main_app.c:269:6:CAN1_Init	8	static
../Core/Src/main_app.c:292:6:HAL_CAN_TxMailbox0CompleteCallback	72	static
../Core/Src/main_app.c:300:6:HAL_CAN_TxMailbox1CompleteCallback	72	static
../Core/Src/main_app.c:308:6:HAL_CAN_TxMailbox2CompleteCallback	72	static
../Core/Src/main_app.c:315:6:HAL_CAN_RxFifo0MsgPendingCallback	80	static
../Core/Src/main_app.c:348:6:HAL_TIM_PeriodElapsedCallback	48	static
../Core/Src/main_app.c:377:6:LED_Manage_Output	16	static
../Core/Src/main_app.c:408:6:Send_response	48	static
../Core/Src/main_app.c:428:6:Error_handler	4	static
