../Core/Src/main_app.c:25:6:printmsg	96	static
../Core/Src/main_app.c:39:5:main	8	static
../Core/Src/main_app.c:82:6:SystemClock_Config_HSE	96	static
../Core/Src/main_app.c:173:6:RTC_Init	8	static
../Core/Src/main_app.c:191:7:RTC_CalendarConfig	32	static
../Core/Src/main_app.c:214:6:GPIO_Init	56	static
../Core/Src/main_app.c:240:6:UART2_Init	8	static
../Core/Src/main_app.c:262:7:getDayofweek	56	static
../Core/Src/main_app.c:274:7:HAL_GPIO_EXTI_Callback	64	static
../Core/Src/main_app.c:290:6:Error_handler	4	static
