../Core/Src/main_app.c:26:6:printmsg	96	static
../Core/Src/main_app.c:39:5:main	8	static
../Core/Src/main_app.c:67:6:SystemClock_Config_HSE	96	static
../Core/Src/main_app.c:156:6:RTC_Init	8	static
../Core/Src/main_app.c:174:6:RTC_CalendarConfig	32	static
../Core/Src/main_app.c:197:6:GPIO_Init	56	static
../Core/Src/main_app.c:228:6:UART2_Init	8	static
../Core/Src/main_app.c:247:7:getDayofweek	56	static
../Core/Src/main_app.c:259:6:HAL_GPIO_EXTI_Callback	64	static
../Core/Src/main_app.c:280:7:RTC_AlarmConfig	48	static
../Core/Src/main_app.c:310:6:HAL_RTC_AlarmAEventCallback	40	static
../Core/Src/main_app.c:331:6:Error_handler	4	static
